2026-09-08 14:24:25.354 [info] [main] Log level: Info
2026-09-08 14:24:25.354 [info] [main] Validating found git in: "git"
2026-09-08 14:24:25.354 [info] [main] Using git "2.43.0" from "git"
2026-09-08 14:24:25.354 [info] [Model][doInitialScan] Initial repository scan started
2026-09-08 14:24:25.354 [info] > git rev-parse --show-toplevel [19ms]
2026-09-08 14:24:25.354 [info] > git rev-parse --show-toplevel [61ms]
2026-09-08 14:24:25.371 [info] > git rev-parse --show-toplevel [6ms]
2026-09-08 14:24:25.382 [info] > git rev-parse --show-toplevel [5ms]
2026-09-08 14:24:25.397 [info] > git rev-parse --show-toplevel [5ms]
2026-09-08 14:24:25.471 [info] > git rev-parse --show-toplevel [61ms]
2026-09-08 14:24:25.487 [info] > git rev-parse --show-toplevel [4ms]
2026-09-08 14:24:25.498 [info] > git rev-parse --show-toplevel [2ms]
2026-09-08 14:24:25.502 [info] [Model][doInitialScan] Initial repository scan completed - repositories (0), closed repositories (0), parent repositories (1), unsafe repositories (0)
2026-09-08 14:24:25.948 [info] > git rev-parse --show-toplevel [2ms]
2026-09-08 14:24:26.168 [info] > git rev-parse --show-toplevel [2ms]
2026-09-08 14:24:26.203 [info] > git rev-parse --show-toplevel [1ms]
2026-09-08 14:24:26.382 [info] > git rev-parse --show-toplevel [5ms]
2026-09-08 14:24:26.479 [info] > git rev-parse --show-toplevel [7ms]
2026-09-08 14:37:34.610 [info] > git rev-parse --show-toplevel [1ms]
2026-09-08 14:37:35.138 [info] > git rev-parse --show-toplevel [2ms]
2026-09-08 15:09:26.486 [info] > git rev-parse --show-toplevel [2ms]
2026-09-08 15:09:31.326 [info] > git rev-parse --show-toplevel [3ms]
2026-09-08 15:09:32.617 [info] > git rev-parse --show-toplevel [6ms]
2026-09-08 15:09:49.684 [info] > git rev-parse --show-toplevel [4ms]
2026-09-08 15:09:51.147 [info] > git rev-parse --show-toplevel [10ms]
2026-09-08 15:09:53.853 [info] > git rev-parse --show-toplevel [3ms]
2026-09-08 15:10:25.869 [info] > git rev-parse --show-toplevel [2ms]
2026-09-08 15:37:30.925 [info] > git rev-parse --show-toplevel [1ms]
2026-09-08 15:37:31.406 [info] > git rev-parse --show-toplevel [3ms]
2026-09-08 15:51:00.145 [info] > git rev-parse --show-toplevel [2ms]
2026-09-08 15:55:01.752 [info] > git rev-parse --show-toplevel [3ms]
2026-09-08 15:55:02.390 [info] > git rev-parse --show-toplevel [5ms]
2026-09-08 15:55:02.896 [info] > git rev-parse --show-toplevel [2ms]
2026-09-08 15:55:15.842 [info] > git rev-parse --show-toplevel [2ms]
2026-09-08 15:55:17.059 [info] > git rev-parse --show-toplevel [3ms]
2026-09-08 15:55:17.985 [info] > git rev-parse --show-toplevel [2ms]
2026-09-08 15:55:18.591 [info] > git rev-parse --show-toplevel [1ms]
2026-09-08 15:55:29.759 [info] > git rev-parse --show-toplevel [2ms]
2026-09-08 15:55:44.672 [info] > git rev-parse --show-toplevel [2ms]
2026-09-08 15:55:45.447 [info] > git rev-parse --show-toplevel [3ms]
2026-09-08 15:55:46.171 [info] > git rev-parse --show-toplevel [1ms]
2026-09-08 15:55:47.554 [info] > git rev-parse --show-toplevel [2ms]
2026-09-08 15:55:48.139 [info] > git rev-parse --show-toplevel [1ms]
2026-09-08 15:55:49.512 [info] > git rev-parse --show-toplevel [2ms]
2026-09-08 15:55:51.048 [info] > git rev-parse --show-toplevel [1ms]
2026-09-08 15:56:06.785 [info] > git rev-parse --show-toplevel [2ms]
2026-09-08 15:56:24.463 [info] > git rev-parse --show-toplevel [51ms]
2026-09-08 15:58:29.390 [info] > git rev-parse --show-toplevel [6ms]
2026-09-08 15:58:34.067 [info] > git rev-parse --show-toplevel [1ms]
2026-09-08 16:00:52.234 [info] > git rev-parse --show-toplevel [3ms]
2026-09-08 16:00:52.961 [info] > git rev-parse --show-toplevel [7ms]
2026-09-08 16:00:53.888 [info] > git rev-parse --show-toplevel [2ms]
2026-09-08 16:02:45.079 [info] > git rev-parse --show-toplevel [6ms]
2026-09-08 16:03:11.941 [info] > git rev-parse --show-toplevel [4ms]
2026-09-08 16:03:13.385 [info] > git rev-parse --show-toplevel [5ms]
2026-09-08 16:03:16.768 [info] > git rev-parse --show-toplevel [2ms]
2026-09-08 16:03:33.095 [info] > git rev-parse --show-toplevel [1ms]
2026-09-08 16:03:45.907 [info] > git rev-parse --show-toplevel [4ms]
2026-09-08 16:05:17.616 [info] > git rev-parse --show-toplevel [2ms]
2026-09-08 16:05:29.140 [info] > git rev-parse --show-toplevel [2ms]
2026-09-08 16:05:38.199 [info] > git rev-parse --show-toplevel [2ms]
2026-09-08 16:05:43.943 [info] > git rev-parse --show-toplevel [2ms]
2026-09-08 16:06:04.146 [info] > git rev-parse --show-toplevel [2ms]
2026-09-08 16:06:19.243 [info] > git rev-parse --show-toplevel [2ms]
2026-09-08 16:06:26.722 [info] > git rev-parse --show-toplevel [2ms]
2026-09-08 16:06:32.165 [info] > git rev-parse --show-toplevel [2ms]
2026-09-08 16:06:41.064 [info] > git rev-parse --show-toplevel [3ms]
2026-09-08 16:06:51.120 [info] > git rev-parse --show-toplevel [3ms]
2026-09-08 16:06:57.232 [info] > git rev-parse --show-toplevel [2ms]
2026-09-08 16:07:25.564 [info] > git rev-parse --show-toplevel [2ms]
2026-09-08 16:07:30.261 [info] > git rev-parse --show-toplevel [2ms]
2026-09-08 16:08:44.869 [info] > git rev-parse --show-toplevel [2ms]
2026-09-08 16:08:53.574 [info] > git rev-parse --show-toplevel [3ms]
2026-09-08 16:08:59.465 [info] > git rev-parse --show-toplevel [3ms]
2026-09-08 16:09:35.455 [info] > git rev-parse --show-toplevel [2ms]
2026-09-08 16:10:00.326 [info] > git rev-parse --show-toplevel [1ms]
2026-09-08 16:10:14.897 [info] > git rev-parse --show-toplevel [2ms]
2026-09-08 16:10:23.561 [info] > git rev-parse --show-toplevel [2ms]
2026-09-08 16:10:34.613 [info] > git rev-parse --show-toplevel [2ms]
2026-09-08 16:12:13.435 [info] > git rev-parse --show-toplevel [4ms]
2026-09-08 16:17:52.959 [info] > git rev-parse --show-toplevel [2ms]
2026-09-08 16:21:07.218 [info] > git rev-parse --show-toplevel [2ms]
2026-09-08 16:21:09.729 [info] > git rev-parse --show-toplevel [2ms]
2026-09-08 16:21:18.672 [info] > git rev-parse --show-toplevel [2ms]
2026-09-08 16:38:31.818 [info] > git rev-parse --show-toplevel [6ms]
2026-09-08 16:38:41.626 [info] > git rev-parse --show-toplevel [10ms]
2026-09-08 16:38:45.972 [info] > git rev-parse --show-toplevel [4ms]
2026-09-08 16:39:05.255 [info] > git rev-parse --show-toplevel [2ms]
2026-09-08 16:39:07.473 [info] > git rev-parse --show-toplevel [2ms]
2026-09-08 16:39:09.884 [info] > git rev-parse --show-toplevel [2ms]
2026-09-08 16:39:10.974 [info] > git rev-parse --show-toplevel [2ms]
2026-09-08 17:05:24.247 [info] > git rev-parse --show-toplevel [2ms]
2026-09-08 17:05:25.875 [info] > git rev-parse --show-toplevel [3ms]
2026-09-08 17:05:26.980 [info] > git rev-parse --show-toplevel [1ms]
2026-09-08 17:05:27.562 [info] > git rev-parse --show-toplevel [3ms]
2026-09-08 17:05:28.336 [info] > git rev-parse --show-toplevel [3ms]
2026-09-08 17:06:04.858 [info] > git rev-parse --show-toplevel [2ms]
2026-09-08 17:06:08.312 [info] > git rev-parse --show-toplevel [2ms]
2026-09-08 17:07:00.004 [info] > git rev-parse --show-toplevel [7ms]
2026-09-08 17:07:42.041 [info] > git rev-parse --show-toplevel [2ms]
