2026-09-07 14:55:21.342 [info] Reading sessions from keychain...
2026-09-07 14:55:21.342 [info] Getting sessions for all scopes...
2026-09-07 14:55:21.380 [info] Got 0 sessions for ...
2026-09-07 14:55:21.381 [info] Getting sessions for all scopes...
2026-09-07 14:55:21.381 [info] Got 0 sessions for ...
2026-09-07 14:55:21.381 [info] Getting sessions for all scopes...
2026-09-07 14:55:21.381 [info] Got 0 sessions for ...
2026-09-07 14:55:21.381 [info] Getting sessions for all scopes...
2026-09-07 14:55:21.381 [info] Got 0 sessions for ...
2026-09-07 14:55:21.382 [info] Getting sessions for read:user,user:email...
2026-09-07 14:55:21.382 [info] Got 0 sessions for read:user,user:email...
2026-09-07 14:55:21.433 [info] Getting sessions for all scopes...
2026-09-07 14:55:21.433 [info] Got 0 sessions for ...
2026-09-07 14:55:21.433 [info] Getting sessions for all scopes...
2026-09-07 14:55:21.434 [info] Got 0 sessions for ...
2026-09-07 14:55:21.475 [info] Getting sessions for repo...
2026-09-07 14:55:21.475 [info] Got 0 sessions for repo...
2026-09-07 14:55:21.510 [info] Getting sessions for all scopes...
2026-09-07 14:55:21.510 [info] Got 0 sessions for ...
2026-09-07 14:55:21.549 [info] Getting sessions for read:user,user:email...
2026-09-07 14:55:21.549 [info] Got 0 sessions for read:user,user:email...
2026-09-07 14:55:21.550 [info] Getting sessions for all scopes...
2026-09-07 14:55:21.550 [info] Got 0 sessions for ...
2026-09-07 14:55:21.551 [info] Getting sessions for repo...
2026-09-07 14:55:21.552 [info] Got 0 sessions for repo...
2026-09-07 14:55:21.553 [info] Getting sessions for all scopes...
2026-09-07 14:55:21.553 [info] Got 0 sessions for ...
2026-09-07 14:55:22.454 [info] Getting sessions for all scopes...
2026-09-07 14:55:22.454 [info] Got 0 sessions for ...
