2026-09-07 14:56:02.739 [info] [main] Log level: Info
2026-09-07 14:56:02.739 [info] [main] Validating found git in: "git"
2026-09-07 14:56:02.739 [info] [main] Using git "2.43.0" from "git"
2026-09-07 14:56:02.739 [info] [Model][doInitialScan] Initial repository scan started
2026-09-07 14:56:02.739 [info] > git rev-parse --show-toplevel [78ms]
2026-09-07 14:56:02.749 [info] > git rev-parse --show-toplevel [4ms]
2026-09-07 14:56:02.767 [info] > git rev-parse --show-toplevel [12ms]
2026-09-07 14:56:02.776 [info] > git rev-parse --show-toplevel [3ms]
2026-09-07 14:56:02.784 [info] > git rev-parse --show-toplevel [3ms]
2026-09-07 14:56:02.794 [info] > git rev-parse --show-toplevel [3ms]
2026-09-07 14:56:02.799 [info] [Model][doInitialScan] Initial repository scan completed - repositories (0), closed repositories (0), parent repositories (1), unsafe repositories (0)
2026-09-07 14:56:02.808 [info] > git rev-parse --show-toplevel [4ms]
2026-09-07 14:59:19.985 [info] > git rev-parse --show-toplevel [2ms]
2026-09-07 14:59:46.245 [info] > git rev-parse --show-toplevel [9ms]
2026-09-07 15:09:23.443 [info] > git rev-parse --show-toplevel [2ms]
2026-09-07 15:50:02.806 [info] > git rev-parse --show-toplevel [5ms]
2026-09-07 15:50:10.162 [info] > git rev-parse --show-toplevel [2ms]
2026-09-07 15:50:11.791 [info] > git rev-parse --show-toplevel [2ms]
2026-09-07 15:50:15.740 [info] > git rev-parse --show-toplevel [4ms]
2026-09-07 15:50:58.902 [info] > git rev-parse --show-toplevel [1ms]
2026-09-07 15:52:14.457 [info] > git rev-parse --show-toplevel [2ms]
2026-09-07 16:26:09.295 [info] > git rev-parse --show-toplevel [1ms]
2026-09-07 16:28:39.677 [info] > git rev-parse --show-toplevel [2ms]
2026-09-07 16:30:58.020 [info] > git rev-parse --show-toplevel [2ms]
2026-09-07 16:30:58.771 [info] > git rev-parse --show-toplevel [2ms]
2026-09-07 16:31:01.727 [info] > git rev-parse --show-toplevel [3ms]
2026-09-07 16:31:02.956 [info] > git rev-parse --show-toplevel [2ms]
2026-09-07 16:31:13.191 [info] > git rev-parse --show-toplevel [1ms]
2026-09-07 16:31:17.548 [info] > git rev-parse --show-toplevel [1ms]
2026-09-07 16:36:38.742 [info] > git rev-parse --show-toplevel [1ms]
2026-09-07 16:36:39.283 [info] > git rev-parse --show-toplevel [3ms]
2026-09-07 16:36:40.113 [info] > git rev-parse --show-toplevel [3ms]
2026-09-07 16:36:42.905 [info] > git rev-parse --show-toplevel [2ms]
2026-09-07 16:36:43.482 [info] > git rev-parse --show-toplevel [1ms]
2026-09-07 16:36:55.812 [info] > git rev-parse --show-toplevel [2ms]
2026-09-07 16:46:04.060 [info] > git rev-parse --show-toplevel [1ms]
2026-09-07 16:46:04.988 [info] > git rev-parse --show-toplevel [2ms]
2026-09-07 16:47:43.095 [info] > git rev-parse --show-toplevel [3ms]
2026-09-07 17:00:34.182 [info] > git rev-parse --show-toplevel [4ms]
2026-09-07 17:00:36.155 [info] > git rev-parse --show-toplevel [3ms]
2026-09-07 17:00:37.409 [info] > git rev-parse --show-toplevel [3ms]
2026-09-07 17:00:47.608 [info] > git rev-parse --show-toplevel [5ms]
2026-09-07 17:00:48.501 [info] > git rev-parse --show-toplevel [2ms]
2026-09-07 17:00:49.278 [info] > git rev-parse --show-toplevel [2ms]
2026-09-07 17:00:52.245 [info] > git rev-parse --show-toplevel [2ms]
2026-09-07 17:00:54.193 [info] > git rev-parse --show-toplevel [3ms]
2026-09-07 17:01:05.164 [info] > git rev-parse --show-toplevel [2ms]
2026-09-07 17:10:40.800 [info] > git rev-parse --show-toplevel [2ms]
2026-09-07 17:10:44.573 [info] > git rev-parse --show-toplevel [2ms]
2026-09-07 17:13:43.956 [info] > git rev-parse --show-toplevel [2ms]
2026-09-07 17:17:55.204 [info] > git rev-parse --show-toplevel [2ms]
2026-09-07 17:17:59.625 [info] > git rev-parse --show-toplevel [3ms]
