2026-09-07 14:25:44.606 [info] Reading sessions from keychain...
2026-09-07 14:25:44.606 [info] Getting sessions for all scopes...
2026-09-07 14:25:44.842 [info] Got 0 sessions for ...
2026-09-07 14:25:44.842 [info] Getting sessions for all scopes...
2026-09-07 14:25:44.842 [info] Got 0 sessions for ...
2026-09-07 14:25:44.843 [info] Getting sessions for all scopes...
2026-09-07 14:25:44.843 [info] Got 0 sessions for ...
2026-09-07 14:25:44.901 [info] Getting sessions for all scopes...
2026-09-07 14:25:44.902 [info] Got 0 sessions for ...
2026-09-07 14:25:44.909 [info] Getting sessions for all scopes...
2026-09-07 14:25:44.909 [info] Got 0 sessions for ...
2026-09-07 14:25:44.983 [info] Getting sessions for read:user,user:email...
2026-09-07 14:25:44.983 [info] Got 0 sessions for read:user,user:email...
2026-09-07 14:25:45.016 [info] Getting sessions for read:user,user:email...
2026-09-07 14:25:45.016 [info] Got 0 sessions for read:user,user:email...
2026-09-07 14:25:45.016 [info] Getting sessions for read:user,user:email...
2026-09-07 14:25:45.016 [info] Got 0 sessions for read:user,user:email...
2026-09-07 14:25:45.017 [info] Getting sessions for read:user,user:email...
2026-09-07 14:25:45.017 [info] Got 0 sessions for read:user,user:email...
2026-09-07 14:25:45.018 [info] Getting sessions for read:user,user:email...
2026-09-07 14:25:45.018 [info] Got 0 sessions for read:user,user:email...
2026-09-07 14:25:45.018 [info] Getting sessions for read:user,user:email...
2026-09-07 14:25:45.018 [info] Got 0 sessions for read:user,user:email...
2026-09-07 14:25:45.018 [info] Getting sessions for read:user,user:email...
2026-09-07 14:25:45.018 [info] Got 0 sessions for read:user,user:email...
2026-09-07 14:25:45.018 [info] Getting sessions for read:user,user:email...
2026-09-07 14:25:45.018 [info] Got 0 sessions for read:user,user:email...
2026-09-07 14:25:45.018 [info] Getting sessions for read:user,user:email...
2026-09-07 14:25:45.018 [info] Got 0 sessions for read:user,user:email...
2026-09-07 14:25:45.019 [info] Getting sessions for read:user,user:email...
2026-09-07 14:25:45.019 [info] Got 0 sessions for read:user,user:email...
2026-09-07 14:25:45.020 [info] Getting sessions for read:user,user:email...
2026-09-07 14:25:45.020 [info] Got 0 sessions for read:user,user:email...
2026-09-07 14:25:45.020 [info] Getting sessions for read:user,user:email...
2026-09-07 14:25:45.020 [info] Got 0 sessions for read:user,user:email...
2026-09-07 14:25:45.074 [info] Getting sessions for all scopes...
2026-09-07 14:25:45.074 [info] Got 0 sessions for ...
2026-09-07 14:25:45.074 [info] Getting sessions for read:user,user:email...
2026-09-07 14:25:45.075 [info] Got 0 sessions for read:user,user:email...
2026-09-07 14:25:45.077 [info] Getting sessions for all scopes...
2026-09-07 14:25:45.078 [info] Got 0 sessions for ...
2026-09-07 14:25:45.078 [info] Getting sessions for all scopes...
2026-09-07 14:25:45.078 [info] Got 0 sessions for ...
2026-09-07 14:25:45.078 [info] Getting sessions for all scopes...
2026-09-07 14:25:45.078 [info] Got 0 sessions for ...
2026-09-07 14:25:45.078 [info] Getting sessions for all scopes...
2026-09-07 14:25:45.078 [info] Got 0 sessions for ...
2026-09-07 14:25:45.078 [info] Getting sessions for all scopes...
2026-09-07 14:25:45.078 [info] Got 0 sessions for ...
2026-09-07 14:25:45.078 [info] Getting sessions for all scopes...
2026-09-07 14:25:45.078 [info] Got 0 sessions for ...
2026-09-07 14:25:45.078 [info] Getting sessions for all scopes...
2026-09-07 14:25:45.078 [info] Got 0 sessions for ...
2026-09-07 14:25:45.079 [info] Getting sessions for all scopes...
2026-09-07 14:25:45.079 [info] Got 0 sessions for ...
2026-09-07 14:25:45.079 [info] Getting sessions for all scopes...
2026-09-07 14:25:45.079 [info] Got 0 sessions for ...
2026-09-07 14:25:45.079 [info] Getting sessions for all scopes...
2026-09-07 14:25:45.079 [info] Got 0 sessions for ...
2026-09-07 14:25:45.079 [info] Getting sessions for all scopes...
2026-09-07 14:25:45.079 [info] Got 0 sessions for ...
2026-09-07 14:25:45.100 [info] Getting sessions for all scopes...
2026-09-07 14:25:45.100 [info] Got 0 sessions for ...
2026-09-07 14:25:45.111 [info] Getting sessions for repo...
2026-09-07 14:25:45.111 [info] Got 0 sessions for repo...
2026-09-07 14:25:45.111 [info] Getting sessions for repo...
2026-09-07 14:25:45.111 [info] Got 0 sessions for repo...
2026-09-07 14:25:45.111 [info] Getting sessions for repo...
2026-09-07 14:25:45.111 [info] Got 0 sessions for repo...
2026-09-07 14:25:45.111 [info] Getting sessions for repo...
2026-09-07 14:25:45.111 [info] Got 0 sessions for repo...
2026-09-07 14:25:45.112 [info] Getting sessions for repo...
2026-09-07 14:25:45.112 [info] Got 0 sessions for repo...
2026-09-07 14:25:45.112 [info] Getting sessions for repo...
2026-09-07 14:25:45.112 [info] Got 0 sessions for repo...
2026-09-07 14:25:45.112 [info] Getting sessions for repo...
2026-09-07 14:25:45.112 [info] Got 0 sessions for repo...
2026-09-07 14:25:45.112 [info] Getting sessions for repo...
2026-09-07 14:25:45.112 [info] Got 0 sessions for repo...
2026-09-07 14:25:45.112 [info] Getting sessions for repo...
2026-09-07 14:25:45.112 [info] Got 0 sessions for repo...
2026-09-07 14:25:45.112 [info] Getting sessions for repo...
2026-09-07 14:25:45.112 [info] Got 0 sessions for repo...
2026-09-07 14:25:45.112 [info] Getting sessions for repo...
2026-09-07 14:25:45.112 [info] Got 0 sessions for repo...
2026-09-07 14:25:45.112 [info] Getting sessions for repo...
2026-09-07 14:25:45.112 [info] Got 0 sessions for repo...
2026-09-07 14:25:45.118 [info] Getting sessions for repo...
2026-09-07 14:25:45.118 [info] Got 0 sessions for repo...
2026-09-07 14:25:45.118 [info] Getting sessions for all scopes...
2026-09-07 14:25:45.118 [info] Got 0 sessions for ...
2026-09-07 14:25:45.118 [info] Getting sessions for all scopes...
2026-09-07 14:25:45.118 [info] Got 0 sessions for ...
2026-09-07 14:25:45.118 [info] Getting sessions for all scopes...
2026-09-07 14:25:45.118 [info] Got 0 sessions for ...
2026-09-07 14:25:45.118 [info] Getting sessions for all scopes...
2026-09-07 14:25:45.118 [info] Got 0 sessions for ...
2026-09-07 14:25:45.121 [info] Getting sessions for all scopes...
2026-09-07 14:25:45.121 [info] Got 0 sessions for ...
2026-09-07 14:25:45.122 [info] Getting sessions for all scopes...
2026-09-07 14:25:45.122 [info] Got 0 sessions for ...
2026-09-07 14:25:45.122 [info] Getting sessions for all scopes...
2026-09-07 14:25:45.122 [info] Got 0 sessions for ...
2026-09-07 14:25:45.122 [info] Getting sessions for all scopes...
2026-09-07 14:25:45.122 [info] Got 0 sessions for ...
2026-09-07 14:25:45.122 [info] Getting sessions for all scopes...
2026-09-07 14:25:45.122 [info] Got 0 sessions for ...
2026-09-07 14:25:45.123 [info] Getting sessions for all scopes...
2026-09-07 14:25:45.123 [info] Got 0 sessions for ...
2026-09-07 14:25:45.123 [info] Getting sessions for all scopes...
2026-09-07 14:25:45.123 [info] Got 0 sessions for ...
2026-09-07 14:25:45.123 [info] Getting sessions for all scopes...
2026-09-07 14:25:45.123 [info] Got 0 sessions for ...
2026-09-07 14:25:45.123 [info] Getting sessions for all scopes...
2026-09-07 14:25:45.123 [info] Got 0 sessions for ...
2026-09-07 14:25:45.129 [info] Getting sessions for read:user,user:email...
2026-09-07 14:25:45.129 [info] Got 0 sessions for read:user,user:email...
2026-09-07 14:25:45.129 [info] Getting sessions for read:user,user:email...
2026-09-07 14:25:45.129 [info] Got 0 sessions for read:user,user:email...
2026-09-07 14:25:45.129 [info] Getting sessions for read:user,user:email...
2026-09-07 14:25:45.129 [info] Got 0 sessions for read:user,user:email...
2026-09-07 14:25:45.129 [info] Getting sessions for read:user,user:email...
2026-09-07 14:25:45.129 [info] Got 0 sessions for read:user,user:email...
2026-09-07 14:25:45.130 [info] Getting sessions for read:user,user:email...
2026-09-07 14:25:45.130 [info] Got 0 sessions for read:user,user:email...
2026-09-07 14:25:45.130 [info] Getting sessions for read:user,user:email...
2026-09-07 14:25:45.130 [info] Got 0 sessions for read:user,user:email...
2026-09-07 14:25:45.130 [info] Getting sessions for read:user,user:email...
2026-09-07 14:25:45.130 [info] Got 0 sessions for read:user,user:email...
2026-09-07 14:25:45.130 [info] Getting sessions for read:user,user:email...
2026-09-07 14:25:45.130 [info] Got 0 sessions for read:user,user:email...
2026-09-07 14:25:45.130 [info] Getting sessions for read:user,user:email...
2026-09-07 14:25:45.131 [info] Got 0 sessions for read:user,user:email...
2026-09-07 14:25:45.131 [info] Getting sessions for read:user,user:email...
2026-09-07 14:25:45.131 [info] Got 0 sessions for read:user,user:email...
2026-09-07 14:25:45.131 [info] Getting sessions for read:user,user:email...
2026-09-07 14:25:45.131 [info] Got 0 sessions for read:user,user:email...
2026-09-07 14:25:45.131 [info] Getting sessions for read:user,user:email...
2026-09-07 14:25:45.131 [info] Got 0 sessions for read:user,user:email...
2026-09-07 14:25:45.132 [info] Getting sessions for read:user,user:email...
2026-09-07 14:25:45.132 [info] Got 0 sessions for read:user,user:email...
2026-09-07 14:25:45.132 [info] Getting sessions for all scopes...
2026-09-07 14:25:45.133 [info] Got 0 sessions for ...
2026-09-07 14:25:45.133 [info] Getting sessions for all scopes...
2026-09-07 14:25:45.133 [info] Got 0 sessions for ...
2026-09-07 14:25:45.133 [info] Getting sessions for all scopes...
2026-09-07 14:25:45.133 [info] Got 0 sessions for ...
2026-09-07 14:25:45.133 [info] Getting sessions for all scopes...
2026-09-07 14:25:45.133 [info] Got 0 sessions for ...
2026-09-07 14:25:45.133 [info] Getting sessions for all scopes...
2026-09-07 14:25:45.133 [info] Got 0 sessions for ...
2026-09-07 14:25:45.133 [info] Getting sessions for all scopes...
2026-09-07 14:25:45.133 [info] Got 0 sessions for ...
2026-09-07 14:25:45.133 [info] Getting sessions for all scopes...
2026-09-07 14:25:45.133 [info] Got 0 sessions for ...
2026-09-07 14:25:45.133 [info] Getting sessions for all scopes...
2026-09-07 14:25:45.133 [info] Got 0 sessions for ...
2026-09-07 14:25:45.133 [info] Getting sessions for all scopes...
2026-09-07 14:25:45.133 [info] Got 0 sessions for ...
2026-09-07 14:25:45.133 [info] Getting sessions for all scopes...
2026-09-07 14:25:45.134 [info] Got 0 sessions for ...
2026-09-07 14:25:45.134 [info] Getting sessions for all scopes...
2026-09-07 14:25:45.134 [info] Got 0 sessions for ...
2026-09-07 14:25:45.134 [info] Getting sessions for all scopes...
2026-09-07 14:25:45.134 [info] Got 0 sessions for ...
2026-09-07 14:25:45.134 [info] Getting sessions for all scopes...
2026-09-07 14:25:45.134 [info] Got 0 sessions for ...
2026-09-07 14:25:45.136 [info] Getting sessions for repo...
2026-09-07 14:25:45.136 [info] Got 0 sessions for repo...
2026-09-07 14:25:45.136 [info] Getting sessions for repo...
2026-09-07 14:25:45.136 [info] Got 0 sessions for repo...
2026-09-07 14:25:45.136 [info] Getting sessions for repo...
2026-09-07 14:25:45.136 [info] Got 0 sessions for repo...
2026-09-07 14:25:45.136 [info] Getting sessions for repo...
2026-09-07 14:25:45.136 [info] Got 0 sessions for repo...
2026-09-07 14:25:45.137 [info] Getting sessions for repo...
2026-09-07 14:25:45.137 [info] Got 0 sessions for repo...
2026-09-07 14:25:45.137 [info] Getting sessions for repo...
2026-09-07 14:25:45.137 [info] Got 0 sessions for repo...
2026-09-07 14:25:45.145 [info] Getting sessions for repo...
2026-09-07 14:25:45.145 [info] Got 0 sessions for repo...
2026-09-07 14:25:45.145 [info] Getting sessions for repo...
2026-09-07 14:25:45.145 [info] Got 0 sessions for repo...
2026-09-07 14:25:45.146 [info] Getting sessions for repo...
2026-09-07 14:25:45.146 [info] Got 0 sessions for repo...
2026-09-07 14:25:45.146 [info] Getting sessions for repo...
2026-09-07 14:25:45.146 [info] Got 0 sessions for repo...
2026-09-07 14:25:45.146 [info] Getting sessions for repo...
2026-09-07 14:25:45.146 [info] Got 0 sessions for repo...
2026-09-07 14:25:45.146 [info] Getting sessions for repo...
2026-09-07 14:25:45.146 [info] Got 0 sessions for repo...
2026-09-07 14:25:45.147 [info] Getting sessions for repo...
2026-09-07 14:25:45.147 [info] Got 0 sessions for repo...
2026-09-07 14:25:45.147 [info] Getting sessions for all scopes...
2026-09-07 14:25:45.147 [info] Got 0 sessions for ...
2026-09-07 14:25:45.147 [info] Getting sessions for all scopes...
2026-09-07 14:25:45.147 [info] Got 0 sessions for ...
2026-09-07 14:25:45.148 [info] Getting sessions for all scopes...
2026-09-07 14:25:45.148 [info] Got 0 sessions for ...
2026-09-07 14:25:45.148 [info] Getting sessions for all scopes...
2026-09-07 14:25:45.148 [info] Got 0 sessions for ...
2026-09-07 14:25:45.148 [info] Getting sessions for all scopes...
2026-09-07 14:25:45.148 [info] Got 0 sessions for ...
2026-09-07 14:25:45.148 [info] Getting sessions for all scopes...
2026-09-07 14:25:45.148 [info] Got 0 sessions for ...
2026-09-07 14:25:45.148 [info] Getting sessions for all scopes...
2026-09-07 14:25:45.148 [info] Got 0 sessions for ...
2026-09-07 14:25:45.148 [info] Getting sessions for all scopes...
2026-09-07 14:25:45.148 [info] Got 0 sessions for ...
2026-09-07 14:25:45.149 [info] Getting sessions for all scopes...
2026-09-07 14:25:45.149 [info] Got 0 sessions for ...
2026-09-07 14:25:45.149 [info] Getting sessions for all scopes...
2026-09-07 14:25:45.149 [info] Got 0 sessions for ...
2026-09-07 14:25:45.149 [info] Getting sessions for all scopes...
2026-09-07 14:25:45.149 [info] Got 0 sessions for ...
2026-09-07 14:25:45.149 [info] Getting sessions for all scopes...
2026-09-07 14:25:45.149 [info] Got 0 sessions for ...
2026-09-07 14:25:45.149 [info] Getting sessions for all scopes...
2026-09-07 14:25:45.149 [info] Got 0 sessions for ...
2026-09-07 14:25:46.072 [info] Getting sessions for all scopes...
2026-09-07 14:25:46.073 [info] Got 0 sessions for ...
2026-09-07 14:50:28.967 [info] Reading sessions from keychain...
2026-09-07 14:50:28.967 [info] Getting sessions for all scopes...
2026-09-07 14:50:28.967 [info] Got 0 sessions for ...
2026-09-07 14:50:28.967 [info] Getting sessions for all scopes...
2026-09-07 14:50:28.967 [info] Got 0 sessions for ...
2026-09-07 14:50:28.967 [info] Getting sessions for all scopes...
2026-09-07 14:50:28.967 [info] Got 0 sessions for ...
2026-09-07 14:50:28.972 [info] Getting sessions for all scopes...
2026-09-07 14:50:28.972 [info] Got 0 sessions for ...
2026-09-07 14:50:29.132 [info] Getting sessions for all scopes...
2026-09-07 14:50:29.132 [info] Got 0 sessions for ...
2026-09-07 14:50:29.135 [info] Getting sessions for read:user,user:email...
2026-09-07 14:50:29.135 [info] Got 0 sessions for read:user,user:email...
2026-09-07 14:50:29.165 [info] Getting sessions for all scopes...
2026-09-07 14:50:29.165 [info] Got 0 sessions for ...
2026-09-07 14:50:29.264 [info] Getting sessions for repo...
2026-09-07 14:50:29.264 [info] Got 0 sessions for repo...
2026-09-07 14:50:29.303 [info] Getting sessions for all scopes...
2026-09-07 14:50:29.304 [info] Got 0 sessions for ...
2026-09-07 14:50:29.322 [info] Getting sessions for read:user,user:email...
2026-09-07 14:50:29.322 [info] Got 0 sessions for read:user,user:email...
2026-09-07 14:50:29.331 [info] Getting sessions for all scopes...
2026-09-07 14:50:29.332 [info] Got 0 sessions for ...
2026-09-07 14:50:29.332 [info] Getting sessions for repo...
2026-09-07 14:50:29.333 [info] Got 0 sessions for repo...
2026-09-07 14:50:29.334 [info] Getting sessions for all scopes...
2026-09-07 14:50:29.334 [info] Got 0 sessions for ...
2026-09-07 14:50:30.492 [info] Getting sessions for all scopes...
2026-09-07 14:50:30.492 [info] Got 0 sessions for ...
