2026-09-09 09:32:29.428 [info] Reading sessions from keychain...
2026-09-09 09:32:29.429 [info] Getting sessions for all scopes...
2026-09-09 09:32:29.570 [info] Got 0 sessions for ...
2026-09-09 09:32:29.571 [info] Getting sessions for all scopes...
2026-09-09 09:32:29.571 [info] Got 0 sessions for ...
2026-09-09 09:32:29.651 [info] Getting sessions for all scopes...
2026-09-09 09:32:29.651 [info] Got 0 sessions for ...
2026-09-09 09:32:30.409 [info] Getting sessions for all scopes...
2026-09-09 09:32:30.409 [info] Got 0 sessions for ...
2026-09-09 09:32:30.506 [info] Getting sessions for read:user,user:email...
2026-09-09 09:32:30.506 [info] Got 0 sessions for read:user,user:email...
2026-09-09 09:32:30.532 [info] Getting sessions for all scopes...
2026-09-09 09:32:30.532 [info] Got 0 sessions for ...
2026-09-09 09:32:30.587 [info] Getting sessions for repo...
2026-09-09 09:32:30.587 [info] Got 0 sessions for repo...
2026-09-09 09:32:30.594 [info] Getting sessions for all scopes...
2026-09-09 09:32:30.594 [info] Got 0 sessions for ...
2026-09-09 09:32:30.597 [info] Getting sessions for read:user,user:email...
2026-09-09 09:32:30.597 [info] Got 0 sessions for read:user,user:email...
2026-09-09 09:32:30.623 [info] Getting sessions for all scopes...
2026-09-09 09:32:30.623 [info] Got 0 sessions for ...
2026-09-09 09:32:30.641 [info] Getting sessions for repo...
2026-09-09 09:32:30.641 [info] Got 0 sessions for repo...
2026-09-09 09:32:30.651 [info] Getting sessions for all scopes...
2026-09-09 09:32:30.651 [info] Got 0 sessions for ...
2026-09-09 09:32:31.629 [info] Getting sessions for all scopes...
2026-09-09 09:32:31.629 [info] Got 0 sessions for ...
