2026-09-08 14:24:24.395 [info] Reading sessions from keychain...
2026-09-08 14:24:24.395 [info] Getting sessions for all scopes...
2026-09-08 14:24:24.440 [info] Got 0 sessions for ...
2026-09-08 14:24:24.441 [info] Getting sessions for all scopes...
2026-09-08 14:24:24.441 [info] Got 0 sessions for ...
2026-09-08 14:24:24.498 [info] Getting sessions for all scopes...
2026-09-08 14:24:24.498 [info] Got 0 sessions for ...
2026-09-08 14:24:24.896 [info] Getting sessions for all scopes...
2026-09-08 14:24:24.896 [info] Got 0 sessions for ...
2026-09-08 14:24:25.152 [info] Getting sessions for read:user,user:email...
2026-09-08 14:24:25.152 [info] Got 0 sessions for read:user,user:email...
2026-09-08 14:24:25.256 [info] Getting sessions for all scopes...
2026-09-08 14:24:25.256 [info] Got 0 sessions for ...
2026-09-08 14:24:25.472 [info] Getting sessions for repo...
2026-09-08 14:24:25.472 [info] Got 0 sessions for repo...
2026-09-08 14:24:25.525 [info] Getting sessions for all scopes...
2026-09-08 14:24:25.525 [info] Got 0 sessions for ...
2026-09-08 14:24:25.680 [info] Getting sessions for read:user,user:email...
2026-09-08 14:24:25.680 [info] Got 0 sessions for read:user,user:email...
2026-09-08 14:24:25.717 [info] Getting sessions for all scopes...
2026-09-08 14:24:25.717 [info] Got 0 sessions for ...
2026-09-08 14:24:25.915 [info] Getting sessions for repo...
2026-09-08 14:24:25.915 [info] Got 0 sessions for repo...
2026-09-08 14:24:25.918 [info] Getting sessions for all scopes...
2026-09-08 14:24:25.918 [info] Got 0 sessions for ...
2026-09-08 14:24:26.587 [info] Getting sessions for all scopes...
2026-09-08 14:24:26.587 [info] Got 0 sessions for ...
