2026-09-09 09:32:29.778 [info] [main] Log level: Info
2026-09-09 09:32:29.778 [info] [main] Validating found git in: "git"
2026-09-09 09:32:29.778 [info] [main] Using git "2.43.0" from "git"
2026-09-09 09:32:29.778 [info] [Model][doInitialScan] Initial repository scan started
2026-09-09 09:32:29.778 [info] > git rev-parse --show-toplevel [23ms]
2026-09-09 09:32:29.804 [info] > git rev-parse --show-toplevel [14ms]
2026-09-09 09:32:29.824 [info] > git rev-parse --show-toplevel [4ms]
2026-09-09 09:32:29.837 [info] > git rev-parse --show-toplevel [6ms]
2026-09-09 09:32:29.844 [info] > git rev-parse --show-toplevel [1ms]
2026-09-09 09:32:29.897 [info] > git rev-parse --show-toplevel [47ms]
2026-09-09 09:32:29.904 [info] > git rev-parse --show-toplevel [2ms]
2026-09-09 09:32:29.908 [info] [Model][doInitialScan] Initial repository scan completed - repositories (0), closed repositories (0), parent repositories (1), unsafe repositories (0)
2026-09-09 09:32:30.112 [info] > git rev-parse --show-toplevel [2ms]
2026-09-09 09:32:30.277 [info] > git rev-parse --show-toplevel [2ms]
2026-09-09 09:32:30.533 [info] > git rev-parse --show-toplevel [3ms]
2026-09-09 09:32:30.543 [info] > git rev-parse --show-toplevel [2ms]
2026-09-09 09:32:30.631 [info] > git rev-parse --show-toplevel [2ms]
2026-09-09 09:32:31.003 [info] > git rev-parse --show-toplevel [2ms]
2026-09-09 09:32:31.242 [info] > git rev-parse --show-toplevel [1ms]
2026-09-09 09:32:31.356 [info] > git rev-parse --show-toplevel [2ms]
2026-09-09 09:32:31.424 [info] > git rev-parse --show-toplevel [1ms]
2026-09-09 09:32:31.509 [info] > git rev-parse --show-toplevel [1ms]
2026-09-09 09:32:45.857 [info] > git rev-parse --show-toplevel [2ms]
