2026-09-09 10:46:56.241 [info] Reading sessions from keychain...
2026-09-09 10:46:56.241 [info] Getting sessions for all scopes...
2026-09-09 10:46:56.328 [info] Got 0 sessions for ...
2026-09-09 10:46:56.328 [info] Getting sessions for all scopes...
2026-09-09 10:46:56.328 [info] Got 0 sessions for ...
2026-09-09 10:46:56.492 [info] Getting sessions for all scopes...
2026-09-09 10:46:56.492 [info] Got 0 sessions for ...
2026-09-09 10:46:57.262 [info] Getting sessions for all scopes...
2026-09-09 10:46:57.262 [info] Got 0 sessions for ...
2026-09-09 10:46:57.538 [info] Getting sessions for read:user,user:email...
2026-09-09 10:46:57.538 [info] Got 0 sessions for read:user,user:email...
2026-09-09 10:46:57.545 [info] Getting sessions for all scopes...
2026-09-09 10:46:57.545 [info] Got 0 sessions for ...
2026-09-09 10:46:57.556 [info] Getting sessions for repo...
2026-09-09 10:46:57.556 [info] Got 0 sessions for repo...
2026-09-09 10:46:57.557 [info] Getting sessions for all scopes...
2026-09-09 10:46:57.557 [info] Got 0 sessions for ...
2026-09-09 10:46:57.598 [info] Getting sessions for read:user,user:email...
2026-09-09 10:46:57.598 [info] Got 0 sessions for read:user,user:email...
2026-09-09 10:46:57.605 [info] Getting sessions for all scopes...
2026-09-09 10:46:57.605 [info] Got 0 sessions for ...
2026-09-09 10:46:57.607 [info] Getting sessions for repo...
2026-09-09 10:46:57.607 [info] Got 0 sessions for repo...
2026-09-09 10:46:57.617 [info] Getting sessions for all scopes...
2026-09-09 10:46:57.617 [info] Got 0 sessions for ...
2026-09-09 10:46:58.572 [info] Getting sessions for all scopes...
2026-09-09 10:46:58.572 [info] Got 0 sessions for ...
